******************************************************************************
                  TI ARM Linker PC v20.2.7                     
******************************************************************************
>> Linked Sat Dec  2 14:46:40 2023

OUTPUT FILE NAME:   <Delivery_Bot.out>
ENTRY POINT SYMBOL: "_c_int00_noargs"  address: 00005221


MEMORY CONFIGURATION

         name            origin    length      used     unused   attr    fill
----------------------  --------  ---------  --------  --------  ----  --------
  FLASH                 00000000   00040000  00005663  0003a99d  R  X
  SRAM                  20000000   00008000  00000f2d  000070d3  RW X


SEGMENT ALLOCATION MAP

run origin  load origin   length   init length attrs members
----------  ----------- ---------- ----------- ----- -------
00000000    00000000    00005668   00005668    r-x
  00000000    00000000    0000026c   0000026c    r-- .intvecs
  0000026c    0000026c    00005218   00005218    r-x .text
  00005488    00005488    00000187   00000187    r-- .const
  00005610    00005610    00000058   00000058    r-- .cinit
20000000    20000000    00000f31   00000000    rw-
  20000000    20000000    0000026c   00000000    rw- .vtable
  20000270    20000270    00000800   00000000    rw- .stack
  20000a70    20000a70    00000400   00000000    rw- .sysmem
  20000e70    20000e70    0000007c   00000000    rw- .bss
  20000eec    20000eec    00000045   00000000    rw- .data


SECTION ALLOCATION MAP

 output                                  attributes/
section   page    origin      length       input sections
--------  ----  ----------  ----------   ----------------
.intvecs   0    00000000    0000026c     
                  00000000    0000026c     tm4c123gh6pm_startup_ccs.obj (.intvecs)

.text      0    0000026c    00005218     
                  0000026c    00000c20     open_interface.obj (.text)
                  00000e8c    00000a4e     rtsv7M4_T_le_v4SPD16_eabi.lib : _printfi.c.obj (.text:__TI_printfi)
                  000018da    00000002                                   : _lock.c.obj (.text:_nop)
                  000018dc    000009d0                                   : e_pow.c.obj (.text:pow)
                  000022ac    0000045c     movement.obj (.text)
                  00002708    00000410     scan.obj (.text)
                  00002b18    000003d8     main.obj (.text)
                  00002ef0    00000328     lcd.obj (.text)
                  00003218    000002a4     part3ping.obj (.text)
                  000034bc    00000270     rtsv7M4_T_le_v4SPD16_eabi.lib : _printfi.c.obj (.text:_pconv_a)
                  0000372c    00000248     Timer.obj (.text)
                  00003974    000001d0     rtsv7M4_T_le_v4SPD16_eabi.lib : _printfi.c.obj (.text:_pconv_g)
                  00003b44    000001b6                                   : fd_add_t2.asm.obj (.text)
                  00003cfa    00000002                                   : div0.asm.obj (.text)
                  00003cfc    00000164     servoP1.obj (.text)
                  00003e60    00000158     rtsv7M4_T_le_v4SPD16_eabi.lib : e_sqrt.c.obj (.text:sqrt)
                  00003fb8    0000013c                                   : _printfi.c.obj (.text:_pconv_e)
                  000040f4    00000138     uart.obj (.text)
                  0000422c    00000136     rtsv7M4_T_le_v4SPD16_eabi.lib : fd_div_t2.asm.obj (.text)
                  00004362    00000002     --HOLE-- [fill = 0]
                  00004364    00000124                                   : _printfi.c.obj (.text:fcvt)
                  00004488    00000110                                   : s_scalbn.c.obj (.text:scalbn)
                  00004598    00000100                                   : memory.c.obj (.text:aligned_alloc)
                  00004698    000000fc                                   : fd_mul_t2.asm.obj (.text)
                  00004794    000000ec     adc.obj (.text)
                  00004880    000000e4     rtsv7M4_T_le_v4SPD16_eabi.lib : memory.c.obj (.text:free)
                  00004964    000000b1                                   : _printfi.c.obj (.text:_ltostr)
                  00004a15    00000001     --HOLE-- [fill = 0]
                  00004a16    0000009c                                   : memcpy_t2.asm.obj (.text)
                  00004ab2    00000096                                   : ull_div_t2.asm.obj (.text)
                  00004b48    00000086                                   : fd_cmp_t2.asm.obj (.text:__aeabi_cdcmple)
                  00004bce    00000086                                   : fd_cmp_t2.asm.obj (.text:__aeabi_cdrcmple)
                  00004c54    0000007a                                   : memset_t2.asm.obj (.text)
                  00004cce    00000002     --HOLE-- [fill = 0]
                  00004cd0    00000070                                   : memory.c.obj (.text:split)
                  00004d40    0000006e                                   : _printfi.c.obj (.text:_mcpy)
                  00004dae    0000006e                                   : fd_tos_t2.asm.obj (.text)
                  00004e1c    00000068                                   : copy_decompress_lzss.c.obj (.text:decompress:lzss:__TI_decompress_lzss)
                  00004e84    00000064                                   : s_frexp.c.obj (.text:frexp)
                  00004ee8    00000056                                   : _printfi.c.obj (.text:_pconv_f)
                  00004f3e    00000054                                   : _ltoa.c.obj (.text:__TI_ltoa)
                  00004f92    00000052                                   : _printfi.c.obj (.text:_ecpy)
                  00004fe4    0000004c                                   : atoi.c.obj (.text:atoi)
                  00005030    00000048                                   : fd_toi_t2.asm.obj (.text)
                  00005078    00000044                                   : autoinit.c.obj (.text:__TI_auto_init_nobinit_nopinit:__TI_auto_init_nobinit_nopinit)
                  000050bc    00000040                                   : sprintf.c.obj (.text:sprintf)
                  000050fc    00000040                                   : vsnprintf.c.obj (.text:vsnprintf)
                  0000513c    0000003e                                   : _printfi.c.obj (.text:_fcpy)
                  0000517a    00000002     --HOLE-- [fill = 0]
                  0000517c    00000038                                   : memory.c.obj (.text:calloc)
                  000051b4    00000038                                   : fs_tod_t2.asm.obj (.text)
                  000051ec    00000034     driverlib.lib : interrupt.obj (.text:IntRegister)
                  00005220    00000034     rtsv7M4_T_le_v4SPD16_eabi.lib : boot_cortex_m.c.obj (.text:_c_int00_noargs:_c_int00_noargs)
                  00005254    00000030                                   : vsnprintf.c.obj (.text:_outs)
                  00005284    0000002e                                   : i_tofd_t2.asm.obj (.text)
                  000052b2    00000002     --HOLE-- [fill = 0]
                  000052b4    00000028                                   : memory.c.obj (.text:free_list_insert)
                  000052dc    00000020                                   : u_tofd_t2.asm.obj (.text)
                  000052fc    0000001c                                   : copy_zero_init.c.obj (.text:decompress:ZI:__TI_zero_init_nomemset:__TI_zero_init_nomemset)
                  00005318    0000001c                                   : memory.c.obj (.text:free_list_remove)
                  00005334    0000001c                                   : memccpy.c.obj (.text:memccpy)
                  00005350    0000001a                                   : s_copysign.c.obj (.text:copysign)
                  0000536a    00000018                                   : vsnprintf.c.obj (.text:_outc)
                  00005382    00000018                                   : sprintf.c.obj (.text:_outs)
                  0000539a    00000018     open_interface.obj (.text:oi_parseInt)
                  000053b2    00000018     rtsv7M4_T_le_v4SPD16_eabi.lib : strcmp.c.obj (.text:strcmp)
                  000053ca    00000016                                   : strchr.c.obj (.text:strchr)
                  000053e0    00000014                                   : strcpy.c.obj (.text:strcpy)
                  000053f4    00000014                                   : strlen.c.obj (.text:strlen)
                  00005408    00000012                                   : wcslen.c.obj (.text:wcslen)
                  0000541a    00000010     driverlib.lib : interrupt.obj (.text:IntMasterEnable)
                  0000542a    00000010     lcd.obj (.text:lcd_clear)
                  0000543a    0000000e     rtsv7M4_T_le_v4SPD16_eabi.lib : copy_decompress_none.c.obj (.text:decompress:none:__TI_decompress_none)
                  00005448    0000000c     driverlib.lib : cpu.obj (.text:CPUcpsie)
                  00005454    0000000c     tm4c123gh6pm_startup_ccs.obj (.text)
                  00005460    0000000a     rtsv7M4_T_le_v4SPD16_eabi.lib : sprintf.c.obj (.text:_outc)
                  0000546a    00000002     --HOLE-- [fill = 0]
                  0000546c    00000008                                   : errno.c.obj (.text:__aeabi_errno_addr)
                  00005474    00000008                                   : memory.c.obj (.text:malloc)
                  0000547c    00000004                                   : pre_init.c.obj (.text:_system_pre_init)
                  00005480    00000004                                   : exit.c.obj (.text:abort:abort)

.const     0    00005488    00000187     
                  00005488    00000101     rtsv7M4_T_le_v4SPD16_eabi.lib : ctype.c.obj (.const:.string:_ctypes_)
                  00005589    0000003e     scan.obj (.const:.string:$P$T0$1)
                  000055c7    00000001     --HOLE-- [fill = 0]
                  000055c8    00000030     rtsv7M4_T_le_v4SPD16_eabi.lib : e_pow.c.obj (.const:$O1$$)
                  000055f8    0000000f     open_interface.obj (.const:.string:$P$T0$3)
                  00005607    00000004     lcd.obj (.const:.string:lineAddress$1)
                  0000560b    00000004     lcd.obj (.const:.string:lineAddresses$2)

.cinit     0    00005610    00000058     
                  00005610    0000001f     (.cinit..data.load) [load image, compression = lzss]
                  0000562f    00000001     --HOLE-- [fill = 0]
                  00005630    0000000c     (__TI_handler_table)
                  0000563c    00000004     --HOLE-- [fill = 0]
                  00005640    00000008     (.cinit..bss.load) [load image, compression = zero_init]
                  00005648    00000008     (.cinit..vtable.load) [load image, compression = zero_init]
                  00005650    00000018     (__TI_cinit_table)

.init_array 
*          0    00000000    00000000     UNINITIALIZED

.vtable    0    20000000    0000026c     UNINITIALIZED
                  20000000    0000026c     driverlib.lib : interrupt.obj (.vtable)

.stack     0    20000270    00000800     UNINITIALIZED
                  20000270    00000004     rtsv7M4_T_le_v4SPD16_eabi.lib : boot_cortex_m.c.obj (.stack)
                  20000274    000007fc     --HOLE--

.sysmem    0    20000a70    00000400     UNINITIALIZED
                  20000a70    00000010     rtsv7M4_T_le_v4SPD16_eabi.lib : memory.c.obj (.sysmem)
                  20000a80    000003f0     --HOLE--

.bss       0    20000e70    0000007c     UNINITIALIZED
                  20000e70    00000054     lcd.obj (.bss:lastbuffer$3)
                  20000ec4    00000018     open_interface.obj (.bss:firmware$2)
                  20000edc    00000004     (.common:_timeout_ticks)
                  20000ee0    00000004     (.common:overflow)
                  20000ee4    00000004     (.common:pulseLength)
                  20000ee8    00000004     (.common:pulse_width)

.data      0    20000eec    00000045     UNINITIALIZED
                  20000eec    00000020     open_interface.obj (.data)
                  20000f0c    00000010     part3ping.obj (.data)
                  20000f1c    00000008     rtsv7M4_T_le_v4SPD16_eabi.lib : _lock.c.obj (.data:$O1$$)
                  20000f24    00000008                                   : memory.c.obj (.data:$O1$$)
                  20000f2c    00000004                                   : errno.c.obj (.data)
                  20000f30    00000001     Timer.obj (.data)

__llvm_prf_cnts 
*          0    20000000    00000000     UNINITIALIZED

MODULE SUMMARY

       Module                         code    ro data   rw data
       ------                         ----    -------   -------
    .\
       open_interface.obj             3128    15        56     
       movement.obj                   1116    0         0      
       scan.obj                       1040    62        0      
       main.obj                       984     0         0      
       lcd.obj                        824     8         84     
       part3ping.obj                  676     0         24     
       tm4c123gh6pm_startup_ccs.obj   12      620       0      
       Timer.obj                      584     0         5      
       servoP1.obj                    356     0         4      
       uart.obj                       312     0         0      
       adc.obj                        236     0         0      
    +--+------------------------------+-------+---------+---------+
       Total:                         9268    705       173    
                                                               
    C:/ti/TivaWare_C_Series-2.2.0.295/driverlib/ccs/Debug/driverlib.lib
       interrupt.obj                  68      0         620    
       cpu.obj                        12      0         0      
    +--+------------------------------+-------+---------+---------+
       Total:                         80      0         620    
                                                               
    C:\ti\ccs1230\ccs\tools\compiler\ti-cgt-arm_20.2.7.LTS\lib\rtsv7M4_T_le_v4SPD16_eabi.lib
       _printfi.c.obj                 4851    0         0      
       e_pow.c.obj                    2512    48        0      
       memory.c.obj                   728     0         8      
       fd_add_t2.asm.obj              438     0         0      
       e_sqrt.c.obj                   344     0         0      
       fd_div_t2.asm.obj              310     0         0      
       s_scalbn.c.obj                 272     0         0      
       fd_cmp_t2.asm.obj              268     0         0      
       ctype.c.obj                    0       257       0      
       fd_mul_t2.asm.obj              252     0         0      
       memcpy_t2.asm.obj              156     0         0      
       ull_div_t2.asm.obj             150     0         0      
       vsnprintf.c.obj                136     0         0      
       memset_t2.asm.obj              122     0         0      
       fd_tos_t2.asm.obj              110     0         0      
       copy_decompress_lzss.c.obj     104     0         0      
       s_frexp.c.obj                  100     0         0      
       sprintf.c.obj                  98      0         0      
       _ltoa.c.obj                    84      0         0      
       atoi.c.obj                     76      0         0      
       fd_toi_t2.asm.obj              72      0         0      
       autoinit.c.obj                 68      0         0      
       fs_tod_t2.asm.obj              56      0         0      
       boot_cortex_m.c.obj            52      0         0      
       i_tofd_t2.asm.obj              46      0         0      
       u_tofd_t2.asm.obj              32      0         0      
       copy_zero_init.c.obj           28      0         0      
       memccpy.c.obj                  28      0         0      
       s_copysign.c.obj               26      0         0      
       strcmp.c.obj                   24      0         0      
       strchr.c.obj                   22      0         0      
       strcpy.c.obj                   20      0         0      
       strlen.c.obj                   20      0         0      
       wcslen.c.obj                   18      0         0      
       copy_decompress_none.c.obj     14      0         0      
       errno.c.obj                    8       0         4      
       _lock.c.obj                    2       0         8      
       exit.c.obj                     4       0         0      
       pre_init.c.obj                 4       0         0      
       div0.asm.obj                   2       0         0      
    +--+------------------------------+-------+---------+---------+
       Total:                         11657   305       20     
                                                               
       Heap:                          0       0         1024   
       Stack:                         0       0         2048   
       Linker Generated:              0       83        0      
    +--+------------------------------+-------+---------+---------+
       Grand Total:                   21005   1093      3885   


LINKER GENERATED COPY TABLES

__TI_cinit_table @ 00005650 records: 3, size/record: 8, table size: 24
	.data: load addr=00005610, load size=0000001f bytes, run addr=20000eec, run size=00000045 bytes, compression=lzss
	.bss: load addr=00005640, load size=00000008 bytes, run addr=20000e70, run size=0000007c bytes, compression=zero_init
	.vtable: load addr=00005648, load size=00000008 bytes, run addr=20000000, run size=0000026c bytes, compression=zero_init


LINKER GENERATED HANDLER TABLE

__TI_handler_table @ 00005630 records: 3, size/record: 4, table size: 12
	index: 0, handler: __TI_zero_init
	index: 1, handler: __TI_decompress_lzss
	index: 2, handler: __TI_decompress_none


GLOBAL SYMBOLS: SORTED ALPHABETICALLY BY Name 

address   name                          
-------   ----                          
00005481  C$$EXIT                       
00005449  CPUcpsie                      
20000f10  END_TIME                      
00000bc3  GPIOF_Handler                 
0000541b  IntMasterEnable               
000051ed  IntRegister                   
00005455  ResetISR                      
20000f0c  START_TIME                    
20000f14  STATE                         
00003369  TIMER3B_Handler               
20000a70  __STACK_END                   
00000800  __STACK_SIZE                  
20000470  __STACK_TOP                   
00000400  __SYSMEM_SIZE                 
00005650  __TI_CINIT_Base               
00005668  __TI_CINIT_Limit              
00005630  __TI_Handler_Table_Base       
0000563c  __TI_Handler_Table_Limit      
00005079  __TI_auto_init_nobinit_nopinit
00004e1d  __TI_decompress_lzss          
0000543b  __TI_decompress_none          
00004f3f  __TI_ltoa                     
ffffffff  __TI_pprof_out_hndl           
00000e8d  __TI_printfi                  
ffffffff  __TI_prof_data_size           
ffffffff  __TI_prof_data_start          
00000000  __TI_static_base__            
000052fd  __TI_zero_init_nomemset       
00004b49  __aeabi_cdcmpeq               
00004b49  __aeabi_cdcmple               
00004bcf  __aeabi_cdrcmple              
00004daf  __aeabi_d2f                   
00005031  __aeabi_d2iz                  
00003b4f  __aeabi_dadd                  
0000422d  __aeabi_ddiv                  
00004699  __aeabi_dmul                  
00003b45  __aeabi_dsub                  
0000546d  __aeabi_errno_addr            
000051b5  __aeabi_f2d                   
00005285  __aeabi_i2d                   
00003cfb  __aeabi_idiv0                 
00003cfb  __aeabi_ldiv0                 
00004c55  __aeabi_memclr                
00004c55  __aeabi_memclr4               
00004c55  __aeabi_memclr8               
00004a17  __aeabi_memcpy                
00004a17  __aeabi_memcpy4               
00004a17  __aeabi_memcpy8               
00004c57  __aeabi_memset                
00004c57  __aeabi_memset4               
00004c57  __aeabi_memset8               
000052dd  __aeabi_ui2d                  
00004ab3  __aeabi_uldivmod              
ffffffff  __binit__                     
ffffffff  __c_args__                    
UNDEFED   __mpu_init                    
20000270  __stack                       
20000000  __start___llvm_prf_cnts       
20000000  __stop___llvm_prf_cnts        
00005221  _c_int00_noargs               
00005488  _ctypes_                      
20000f1c  _lock                         
000018db  _nop                          
20000f30  _running                      
20000a70  _sys_memory                   
UNDEFED   _system_post_cinit            
0000547d  _system_pre_init              
20000edc  _timeout_ticks                
20000f20  _unlock                       
00005481  abort                         
00004795  adc_init                      
00004815  adc_read                      
00004599  aligned_alloc                 
00004fe5  atoi                          
ffffffff  binit                         
0000517d  calloc                        
00005351  copysign                      
00005351  copysignl                     
20000f2c  errno                         
00004881  free                          
00004e85  frexp                         
00004e85  frexpl                        
20000000  g_pfnRAMVectors               
00000000  g_pfnVectors                  
0000341f  getOverflow                   
00003419  getPulseLength                
0000097f  go_charge                     
0000542b  lcd_clear                     
000030c5  lcd_gotoLine                  
00002f2d  lcd_init                      
0000312b  lcd_printf                    
00002fed  lcd_putc                      
00003025  lcd_puts                      
00002ef1  lcd_reverseNibble             
00003043  lcd_sendCommand               
00003081  lcd_sendNibble                
000030ed  lcd_setCursorPos              
00004489  ldexp                         
00004489  ldexpl                        
00002b19  main                          
00005475  malloc                        
00004599  memalign                      
00005335  memccpy                       
00004a17  memcpy                        
00004c5d  memset                        
20000eec  motor_cal_factor_L            
20000ef0  motor_cal_factor_R            
000025f5  move_backward                 
000022ad  move_forward                  
0000026d  oi_alloc                      
00000aa9  oi_checkFirmware              
000002c7  oi_close                      
00000279  oi_free                       
00000ded  oi_getMotorCalibrationLeft    
00000e01  oi_getMotorCalibrationRight   
000002b1  oi_init                       
00000289  oi_init_noupdate              
00000915  oi_loadSong                   
0000539b  oi_parseInt                   
0000032b  oi_parsePacket                
0000096b  oi_play_song                  
0000084b  oi_setLeds                    
00000db1  oi_setMotorCalibration        
0000088f  oi_setWheels                  
00000b51  oi_shutoff_init               
0000098d  oi_uartInit                   
00000a31  oi_uartReceive                
00000a77  oi_uartSendBuff               
00000a15  oi_uartSendChar               
00000a59  oi_uartSendStr                
000002d9  oi_update                     
20000ee0  overflow                      
20000f18  overflowCount                 
000033af  ping_getDistance              
00003219  ping_init                     
000032db  ping_trigger                  
000018dd  pow                           
000018dd  powl                          
20000ee4  pulseLength                   
20000ee8  pulse_width                   
00004489  scalbn                        
00004489  scalbnl                       
00002709  scanObjects                   
00003cfd  servo_init                    
00003db1  servo_move                    
000050bd  sprintf                       
00003e61  sqrt                          
00003e61  sqrtl                         
000053cb  strchr                        
000053b3  strcmp                        
000053e1  strcpy                        
000053f5  strlen                        
0000384b  timer_getMicros               
000037f3  timer_getMillis               
0000372d  timer_init                    
000037cf  timer_pause                   
000037e1  timer_resume                  
000037a5  timer_stop                    
000038a5  timer_waitMicros              
000038d7  timer_waitMillis              
0000250b  turn_Rumba                    
000040f5  uart_init                     
00004199  uart_receive                  
0000417d  uart_sendChar                 
000041cf  uart_sendStr                  
000050fd  vsnprintf                     
00005409  wcslen                        


GLOBAL SYMBOLS: SORTED BY Symbol Address 

address   name                          
-------   ----                          
00000000  __TI_static_base__            
00000000  g_pfnVectors                  
0000026d  oi_alloc                      
00000279  oi_free                       
00000289  oi_init_noupdate              
000002b1  oi_init                       
000002c7  oi_close                      
000002d9  oi_update                     
0000032b  oi_parsePacket                
00000400  __SYSMEM_SIZE                 
00000800  __STACK_SIZE                  
0000084b  oi_setLeds                    
0000088f  oi_setWheels                  
00000915  oi_loadSong                   
0000096b  oi_play_song                  
0000097f  go_charge                     
0000098d  oi_uartInit                   
00000a15  oi_uartSendChar               
00000a31  oi_uartReceive                
00000a59  oi_uartSendStr                
00000a77  oi_uartSendBuff               
00000aa9  oi_checkFirmware              
00000b51  oi_shutoff_init               
00000bc3  GPIOF_Handler                 
00000db1  oi_setMotorCalibration        
00000ded  oi_getMotorCalibrationLeft    
00000e01  oi_getMotorCalibrationRight   
00000e8d  __TI_printfi                  
000018db  _nop                          
000018dd  pow                           
000018dd  powl                          
000022ad  move_forward                  
0000250b  turn_Rumba                    
000025f5  move_backward                 
00002709  scanObjects                   
00002b19  main                          
00002ef1  lcd_reverseNibble             
00002f2d  lcd_init                      
00002fed  lcd_putc                      
00003025  lcd_puts                      
00003043  lcd_sendCommand               
00003081  lcd_sendNibble                
000030c5  lcd_gotoLine                  
000030ed  lcd_setCursorPos              
0000312b  lcd_printf                    
00003219  ping_init                     
000032db  ping_trigger                  
00003369  TIMER3B_Handler               
000033af  ping_getDistance              
00003419  getPulseLength                
0000341f  getOverflow                   
0000372d  timer_init                    
000037a5  timer_stop                    
000037cf  timer_pause                   
000037e1  timer_resume                  
000037f3  timer_getMillis               
0000384b  timer_getMicros               
000038a5  timer_waitMicros              
000038d7  timer_waitMillis              
00003b45  __aeabi_dsub                  
00003b4f  __aeabi_dadd                  
00003cfb  __aeabi_idiv0                 
00003cfb  __aeabi_ldiv0                 
00003cfd  servo_init                    
00003db1  servo_move                    
00003e61  sqrt                          
00003e61  sqrtl                         
000040f5  uart_init                     
0000417d  uart_sendChar                 
00004199  uart_receive                  
000041cf  uart_sendStr                  
0000422d  __aeabi_ddiv                  
00004489  ldexp                         
00004489  ldexpl                        
00004489  scalbn                        
00004489  scalbnl                       
00004599  aligned_alloc                 
00004599  memalign                      
00004699  __aeabi_dmul                  
00004795  adc_init                      
00004815  adc_read                      
00004881  free                          
00004a17  __aeabi_memcpy                
00004a17  __aeabi_memcpy4               
00004a17  __aeabi_memcpy8               
00004a17  memcpy                        
00004ab3  __aeabi_uldivmod              
00004b49  __aeabi_cdcmpeq               
00004b49  __aeabi_cdcmple               
00004bcf  __aeabi_cdrcmple              
00004c55  __aeabi_memclr                
00004c55  __aeabi_memclr4               
00004c55  __aeabi_memclr8               
00004c57  __aeabi_memset                
00004c57  __aeabi_memset4               
00004c57  __aeabi_memset8               
00004c5d  memset                        
00004daf  __aeabi_d2f                   
00004e1d  __TI_decompress_lzss          
00004e85  frexp                         
00004e85  frexpl                        
00004f3f  __TI_ltoa                     
00004fe5  atoi                          
00005031  __aeabi_d2iz                  
00005079  __TI_auto_init_nobinit_nopinit
000050bd  sprintf                       
000050fd  vsnprintf                     
0000517d  calloc                        
000051b5  __aeabi_f2d                   
000051ed  IntRegister                   
00005221  _c_int00_noargs               
00005285  __aeabi_i2d                   
000052dd  __aeabi_ui2d                  
000052fd  __TI_zero_init_nomemset       
00005335  memccpy                       
00005351  copysign                      
00005351  copysignl                     
0000539b  oi_parseInt                   
000053b3  strcmp                        
000053cb  strchr                        
000053e1  strcpy                        
000053f5  strlen                        
00005409  wcslen                        
0000541b  IntMasterEnable               
0000542b  lcd_clear                     
0000543b  __TI_decompress_none          
00005449  CPUcpsie                      
00005455  ResetISR                      
0000546d  __aeabi_errno_addr            
00005475  malloc                        
0000547d  _system_pre_init              
00005481  C$$EXIT                       
00005481  abort                         
00005488  _ctypes_                      
00005630  __TI_Handler_Table_Base       
0000563c  __TI_Handler_Table_Limit      
00005650  __TI_CINIT_Base               
00005668  __TI_CINIT_Limit              
20000000  __start___llvm_prf_cnts       
20000000  __stop___llvm_prf_cnts        
20000000  g_pfnRAMVectors               
20000270  __stack                       
20000470  __STACK_TOP                   
20000a70  __STACK_END                   
20000a70  _sys_memory                   
20000edc  _timeout_ticks                
20000ee0  overflow                      
20000ee4  pulseLength                   
20000ee8  pulse_width                   
20000eec  motor_cal_factor_L            
20000ef0  motor_cal_factor_R            
20000f0c  START_TIME                    
20000f10  END_TIME                      
20000f14  STATE                         
20000f18  overflowCount                 
20000f1c  _lock                         
20000f20  _unlock                       
20000f2c  errno                         
20000f30  _running                      
ffffffff  __TI_pprof_out_hndl           
ffffffff  __TI_prof_data_size           
ffffffff  __TI_prof_data_start          
ffffffff  __binit__                     
ffffffff  __c_args__                    
ffffffff  binit                         
UNDEFED   __mpu_init                    
UNDEFED   _system_post_cinit            

[167 symbols]
